// Jest Snapshot v1, https://goo.gl/fbAQLP

exports[`Header component renders correctly 1`] = `
<div>
  <div
    class="header"
  >
    <div
      class="search__container"
    >
      <label
        for="seach"
      >
        Search 
      </label>
      <input
        class="search"
        placeholder="What do you fancy today?"
      />
    </div>
    <div>
      <img
        alt="Star"
        class="icon favorites"
      />
    </div>
    <div>
      <img
        alt="Watch later"
        class="icon watch-later"
      />
    </div>
    <div>
      <img
        alt="clear"
        class="icon clear"
      />
    </div>
  </div>
</div>
`;
